﻿[36mvite v8.0.3 [32mbuilding client environment for production...[36m[39m
[2K
transforming...Γ£ô 2785 modules transformed.
node.exe : [31mΓ£ù[39m 
Build failed in 406ms
At C:\Program 
Files\nodejs\npx.ps1:29 
char:3
+   & $NODE_EXE 
$NPX_CLI_JS $args
+   ~~~~~~~~~~~~~~~~~~~~~~
~~~~~~~
    + CategoryInfo        
      : NotSpecified: (  
  [31mΓ£ù[39m Build fa   
 iled in 406ms:String)    
 [], RemoteException
    + FullyQualifiedError 
   Id : NativeCommandErr  
  or
 
[31merror during build:
[31mBuild failed with 1 
error:

[plugin vite:css] 
C:/Users/Sanjana Chavan/De
sktop/odoo/frontend/src/in
dex.css:undefined:NaN
Error: [postcss] Cannot 
find module 
'tailwindcss-animate'
Require stack:
- C:\Users\Sanjana Chavan\
Desktop\odoo\frontend\tail
wind.config.js
    at 
Function._resolveFilename 
(node:internal/modules/cjs
/loader:1401:15)
    at Function.resolve (n
ode:internal/modules/helpe
rs:145:19)
    at _resolve 
(C:\Users\Sanjana Chavan\D
esktop\odoo\frontend\node_
modules\jiti\dist\jiti.js:
1:246378)
    at jiti 
(C:\Users\Sanjana Chavan\D
esktop\odoo\frontend\node_
modules\jiti\dist\jiti.js:
1:249092)
    at C:\Users\Sanjana Ch
avan\Desktop\odoo\frontend
\tailwind.config.js:66:13
    at evalModule 
(C:\Users\Sanjana Chavan\D
esktop\odoo\frontend\node_
modules\jiti\dist\jiti.js:
1:251913)
    at jiti 
(C:\Users\Sanjana Chavan\D
esktop\odoo\frontend\node_
modules\jiti\dist\jiti.js:
1:249841)
    at C:\Users\Sanjana Ch
avan\Desktop\odoo\frontend
\node_modules\tailwindcss\
lib\lib\load-config.js:53:
30
    at loadConfig 
(C:\Users\Sanjana Chavan\D
esktop\odoo\frontend\node_
modules\tailwindcss\lib\li
b\load-config.js:55:6)
    at getTailwindConfig 
(C:\Users\Sanjana Chavan\D
esktop\odoo\frontend\node_
modules\tailwindcss\lib\li
b\setupTrackingContext.js:
74:116)[31m
    at aggregateBindingErr
orsIntoJsError (file:///C:
/Users/Sanjana%20Chavan/De
sktop/odoo/frontend/node_m
odules/rolldown/dist/share
d/error-BLhcSyeg.mjs:48:18
)
    at 
unwrapBindingResult (file:
///C:/Users/Sanjana%20Chav
an/Desktop/odoo/frontend/n
ode_modules/rolldown/dist/
shared/error-BLhcSyeg.mjs:
18:128)
    at #build (file:///C:/
Users/Sanjana%20Chavan/Des
ktop/odoo/frontend/node_mo
dules/rolldown/dist/shared
/rolldown-build-CPrIX9V6.m
js:3313:34)
    at async 
buildEnvironment (file:///
C:/Users/Sanjana%20Chavan/
Desktop/odoo/frontend/node
_modules/vite/dist/node/ch
unks/node.js:32849:64)
    at async Object.build 
(file:///C:/Users/Sanjana%
20Chavan/Desktop/odoo/fron
tend/node_modules/vite/dis
t/node/chunks/node.js:3327
1:19)
    at async 
Object.buildApp (file:///C
:/Users/Sanjana%20Chavan/D
esktop/odoo/frontend/node_
modules/vite/dist/node/chu
nks/node.js:33268:153)
    at async 
CAC.<anonymous> (file:///C
:/Users/Sanjana%20Chavan/D
esktop/odoo/frontend/node_
modules/vite/dist/node/cli
.js:778:3) {
  errors: [Getter/Setter]
}[39m
